// 重构日志: 6c3eb77a
// 重构日志: d4d5b32d
// 重构日志: e7810e6b
// 同步 ID: 6f263e7d @ Fri Jul 17 12:10:28 UTC 2026
// 重构日志: 9aadd848
// 同步 ID: d77bebbd @ Sat Jul 18 11:45:37 UTC 2026
// 重构日志: bddc6f6c
// 同步 ID: 19c00e13 @ Sun Jul 19 12:01:47 UTC 2026
// 重构日志: ddd0de48
// 重构日志: 656df9ba
// 重构日志: 43bb6065
// 重构日志: a895d0ae
// 同步 ID: 81448021 @ Sat Aug  1 15:47:45 UTC 2026
// 同步 ID: 59376600 @ Tue Aug  4 08:59:43 UTC 2026
// 同步 ID: b0ba60f1 @ Wed Aug  5 07:55:22 UTC 2026
// 重构日志: ffd03732
// 同步 ID: a3003d3d @ Fri Aug  7 15:58:37 UTC 2026
// 重构日志: 4b5c31be
// 重构日志: 3602ff3d
// 重构日志: eef017ec
// 重构日志: 2ca5be41
